tennis
five
slave
rook
practice
drug
activity
Mexico
marathon
network
Wednesday
day
gin
jazz
tiger
word
century
boxing
forest
nurse
cushion
association
seven
student
object
Maradona
doctor
criterion
critic
drought
street
tumbler
motto
butter
secretary
cash
recommendation
summer
listing
archive
price
seafood
carnivore
fertility
world
viewer
moon
monk
antecedent
effort
animal
index
drink
virtuoso
crane
hardware
maker
coast
culture
hypertension
dawn
communication
museum
sugar
arrival
possession
hotel
library
soccer
children
Arafat
abuse
prominence
shore
troops
performance
payment
life
development
Israel
place
ecology
grocery
victory
board
sprint
discipline
software
grin
computer
gem
weapon
smart
fauna
production
reservation
equality
observation
tableware
atmosphere
deployment
noon
recognition
valor
confidence
disability
depression
defeating
media
implement
cognition
year
president
king
report
gender
stock
row
treatment
marriage
football
alcohol
science
government
mammal
deposit
victim
video
attitude
precedent
benchmark
memorabilia
dollar
lad
discovery
potato
consumer
television
percent
disaster
luxury
admission
fruit
secret
office
pillow
entity
chance
racism
cord
ministry
artifact
eat
water
preparation
madhouse
OPEC
image
telephone
governor
laundering
feline
preservation
record
popcorn
cell
bed
warning
movie
mind
citizen
forecast
love
stroke
concert
earning
skin
property
soap
sex
manslaughter
stove
delay
people
card
jewel
signature
energy
baby
fighting
information
cup
autograph
FBI
oracle
mound
radio
astronomer
woman
focus
bread
investigation
string
organism
issue
quarrel
internet
company
brother
scientist
death
size
challenge
type
importance
terror
start
reason
evidence
buck
opera
party
tournament
institution
train
kilometer
group
attempt
arrangement
ear
Jerusalem
wizard
holy
basketball
nation
season
shower
Mars
investor
professor
fear
center
competition
currency
history
liability
smile
cemetery
avenue
personnel
paper
aluminum
racket
vodka
territory
glass
money
rock
series
airport
championship
serial
clothes
Palestinian
block
family
market
credibility
cabbage
midday
infrastructure
serf
car
hike
school
fingerprint
weather
rabbi
stupid
CD
substance
exhibit
term
collection
psychology
gain
announcement
proton
American
direction
accommodation
minority
murder
loss
graveyard
population
number
senate
metal
surface
sign
computation
experience
impartiality
psychiatry
flight
situation
lesson
jaguar
live
journal
interview
boy
man
planet
isolation
decoration
registration
problem
egg
thunderstorm
lawyer
conclusion
magician
theater
liquid
woodland
country
lobster
credit
hill
interest
plane
wood
film
approach
change
sage
bird
profit
keyboard
prejudice
environment
book
month
food
inmate
minister
game
hundred
law
defeat
furnace
constellation
star
similarity
project
calculation
eye
match
insurance
journey
cock
chord
mother
round
baseball
landscape
departure
equipment
team
plan
seepage
closet
laboratory
voyage
proximity
cucumber
hospital
possibility
kind
tool
phone
mouth
travel
fuck
space
canyon
Japanese
example
wine
Freud
lover
Yale
bank
crisis
operation
galaxy
yen
Brazil
rooster
bishop
cat
sea
recess
architecture
mile
category
area
news
planning
physics
brandy
withdrawal
emergency
article
zoo
health
industry
queen
Jackson
automobile
wealth
flood
clinic
volunteer
chemistry
ticket
music
anxiety
girl
oil
peace
medal
asylum
recovery
combination
crew
dividend
war
morality
trading
Harvard
line
coffee
sun
nature